// Jest Snapshot v1, https://goo.gl/fbAQLP

exports[`should render EditTeamPage 1`] = `
<div>
  <div
    className="page-header"
  >
    <div
      className="content-container"
    >
      <h1
        className="page-header__title"
      >
        Edit Team
      </h1>
    </div>
  </div>
  <div
    className="content-container"
  >
    <TeamForm
      onSubmit={[Function]}
      team={
        Object {
          "conference": "Pacific",
          "division": "Western",
          "createdAt": 345600000,
          "homeTown": "Pittsburgh",
          "id": "3",
          "note": "",
          "teamName": "Penguins",
        }
      }
    />
    <button
      className="button button--secondary"
      onClick={[Function]}
    >
      Remove Team
    </button>
  </div>
</div>
`;
