// Jest Snapshot v1, https://goo.gl/fbAQLP

exports[`should render TeamListItem correctly 1`] = `
<Link
  className="list-item"
  replace={false}
  to="/edit/1"
>
  <div>
    <h2>
      Vegas
    </h2>
    <h3>
      Golden Knights
    </h3>
    <span>
      December 31st, 1969
    </span>
  </div>
  <h3>
    $4.95
  </h3>
</Link>
`;
